  Determining projects to restore...
  All projects are up-to-date for restore.
  Mythril.Data -> C:\Users\dgooding\source\repos\Mythril\Mythril.Data\bin\Debug\net10.0\Mythril.Data.dll
  Mythril.Headless -> C:\Users\dgooding\source\repos\Mythril\Mythril.Headless\bin\Debug\net10.0\Mythril.Headless.dll
  Mythril.Blazor -> C:\Users\dgooding\source\repos\Mythril\Mythril.Blazor\bin\Debug\net10.0\Mythril.Blazor.dll
  Mythril.Blazor (Blazor output) -> C:\Users\dgooding\source\repos\Mythril\Mythril.Blazor\bin\Debug\net10.0\wwwroot
  Mythril.Tests -> C:\Users\dgooding\source\repos\Mythril\Mythril.Tests\bin\Debug\net10.0\Mythril.Tests.dll
Test run for C:\Users\dgooding\source\repos\Mythril\Mythril.Tests\bin\Debug\net10.0\Mythril.Tests.dll (.NETCoreApp,Version=v10.0)
VSTest version 18.0.1 (x64)

Starting test execution, please wait...
A total of 1 test files matched the specified pattern.
Test Parallelization enabled for C:\Users\dgooding\source\repos\Mythril\Mythril.Tests\bin\Debug\net10.0\Mythril.Tests.dll (Workers: 1, Scope: MethodLevel)
  Passed AbilityUnlockCard_RendersCorrectly [331 ms]
  Passed CadenceDragExpander_RendersCorrectly [5 ms]
  Passed CadenceTree_RendersCorrectly [1 ms]
  Passed DropZone_RendersCorrectly [2 ms]
  Passed DropZone_cadence_RendersCorrectly [1 ms]
  Passed DropZone_item_RendersCorrectly [1 ms]
  Passed Expander_RendersCorrectly [2 ms]
  Passed FeedbackPanel_RendersCorrectly [7 ms]
  Passed HandPanel_RendersCorrectly [7 ms]
  Passed InventoryItem_RendersCorrectly [3 ms]
  Passed PartyPanel_RendersCorrectly [8 ms]
  Passed QuestCard_RendersCorrectly [1 ms]
  Passed QuestCard_RendersInProgressCorrectly [2 ms]
  Passed QuestProgressCard_HandlesMultipleCompletions [2 s]
  Passed Snackbar_RendersCorrectly [1 ms]
  Passed ThemeDiagnostics_RendersCorrectly [1 ms]
  Passed Workshop_RendersCorrectly [5 ms]
  Passed MainLayout_RendersCorrectly [1 ms]
  Passed Home_RendersCorrectly [16 ms]
  Passed TestRunner_RendersCorrectly [15 ms]
  Passed CharacterDisplay_AutoQuestToggle_RendersWhenUnlocked [54 ms]
  Passed App_RendersCorrectly [2 ms]
  Passed AutoQuest_RestartsSlotZero [4 ms]
  Passed AutoQuestII_RestartsSlotOne [1 ms]
  Passed SlotTwo_NeverAutoRestarts [< 1 ms]
  Passed AutoQuest_DoesNotRestart_SingleUseQuest [< 1 ms]
  Passed Refinement_AutoQuest_RespectsMagicCapacity [3 ms]
  Passed ContentLoader_LoadAllAsync_Works [32 ms]
  Passed FlowSimulator_IdentifiesSustainableActivities [40 ms]
  Passed FlowSimulator_IdentifiesUnsustainableActivities [9 ms]
  Passed InventoryManager_Add_ReturnsOverflow_WhenCapacityReached [< 1 ms]
  Passed ReceiveRewards_TriggersOverflowEvent_ForQuests [1 ms]
  Passed ReceiveRewards_TriggersOverflowEvent_ForRefinements [1 ms]
  Passed InventoryManager_AddsAndRemovesItems_Correctly [< 1 ms]
  Passed InventoryManager_Remove_FailsWhenInsufficient [< 1 ms]
  Passed InventoryManager_Remove_RemovesFromDictionaryWhenZero [< 1 ms]
  Passed InventoryManager_Remove_DoesNotRemoveGoldWhenZero [< 1 ms]
  Passed InventoryManager_Has_Correctly [< 1 ms]
  Passed InventoryManager_GetItemsAndSpells_FilterCorrectly [1 ms]
  Passed InventoryManager_GetQuantity_ReturnsZeroForMissingItem [< 1 ms]
  Passed InventoryManager_Has_ReturnsTrueForZeroQuantity [< 1 ms]
  Passed InventoryManager_Add_DoesNothingWithZeroQuantity [< 1 ms]
  Passed InventoryManager_Add_NegativeQuantity_DoesNothing [< 1 ms]
  Passed InventoryManager_Remove_NegativeQuantity_ReturnsTrueAndDoesNothing [< 1 ms]
  Passed InventoryManager_MagicCapacity_Enforcement [< 1 ms]
  Passed InventoryManager_Pinning_Works [< 1 ms]
  Passed InventoryManager_Clear_Works [< 1 ms]
  Passed InventoryManager_Subtract_Works [< 1 ms]
  Passed JournalPanel_RendersEmptyCorrectly [11 ms]
  Passed JournalPanel_RendersEntriesCorrectly [3 ms]
  Passed JournalPanel_Filter_WorksCorrectly [5 ms]
  Passed JunctionManager_AssignCadence_SupportsMultipleCadences [< 1 ms]
  Passed JunctionManager_AssignCadence_MaintainsExclusivity [< 1 ms]
  Passed JunctionManager_AssignCadence_Works [< 1 ms]
  Passed JunctionManager_CurrentlyAssigned_ReturnsCorrectCadences [< 1 ms]
  Passed JunctionManager_Unassign_ClearsAssignments [< 1 ms]
  Passed JunctionManager_Unassign_UnassignedCadence [< 1 ms]
  Passed JunctionManager_Unassign_InvalidatesJunctions [1 ms]
  Passed JunctionManager_JunctionMagic_DoesNothingWithoutAbility [< 1 ms]
  Passed StatValue_EnforcesCeiling [< 1 ms]
  Passed CharacterDisplay_RemovalMode_TogglesCorrectly [3 ms]
  Passed CharacterDisplay_ShowsDeltaPreview [2 ms]
  Passed JunctionManager_Unassign_OnlyClearsInvalidJunctions [< 1 ms]
  Passed JunctionManager_JunctionMagic_ChecksAllAssignedCadences [< 1 ms]
  Passed ResourceManager_CanAutoQuest_ChecksAllAssignedCadences [< 1 ms]
  Passed ResourceManager_UnlockedAbilities_ArePerCadence [< 1 ms]
  Passed JunctionManager_GetStatValue_BaseValues [< 1 ms]
  Passed JunctionManager_JunctionMagic_IncreasesStats [< 1 ms]
  Passed JunctionManager_JunctionMagic_FallbackLogic [< 1 ms]
  Passed JunctionManager_JunctionMagic_RequiresAbility [< 1 ms]
  Passed JunctionManager_JunctionMagic_NoCadence [< 1 ms]
  Passed JunctionManager_JunctionMagic_StrictlyRequiresCorrectAbility [< 1 ms]
  Passed ResourceManager_UpdateMagicCapacity_Works [< 1 ms]
  Passed Join_IsIdempotent [< 1 ms]
  Passed Join_IsCommutative [< 1 ms]
  Passed Solver_ConvergesOnCircularQuestDependency [8 ms]
  Passed StatGate_PreventsUnreachableContent [1 ms]
  Passed Character_DefaultTaskLimit_IsOne [< 1 ms]
  Passed Character_WithLogisticsI_TaskLimit_IsTwo [< 1 ms]
  Passed Character_WithLogisticsII_TaskLimit_IsThree [< 1 ms]
  Passed Character_CannotExceedTaskLimit [< 1 ms]
  Passed LosingLogisticsI_CancelsAndRefundsExcessTask [< 1 ms]
  Passed StartQuest_PreventsCompletedSingleUseLooping [< 1 ms]
  Passed Character_TaskLimit_SlotAllocation_Correctness [< 1 ms]
  Passed ResourceManager_CancelQuest_RefundsCorrectly [< 1 ms]
  Passed Quest_Equality_WorksCorrectly [< 1 ms]
  Passed StatAugments_ReturnsCorrectValue [< 1 ms]
  Passed AbilityAugments_ReturnsCorrectValue [< 1 ms]
  Passed QuestProgress_Properties_ReturnCorrectValues [< 1 ms]
  Passed Locations_All_ContainsCorrectLocations [< 1 ms]
  Passed Location_Name_ReturnsCorrectValue [< 1 ms]
  Passed QuestProgress_WithCadenceUnlock_Properties_ReturnCorrectValues [< 1 ms]
  Passed QuestData_RequirementsAndRewards_ReturnCorrectValues [< 1 ms]
  Passed ItemQuantity_Properties_ReturnCorrectValues [< 1 ms]
  Passed DTO_Instantiation_Tests [1 ms]
  Passed Model_Instantiation_Tests [< 1 ms]
  Passed QuestToCadenceUnlocks_Tests [< 1 ms]
  Passed ItemRefinements_Tests [< 1 ms]
  Passed Cadences_Load_Tests [< 1 ms]
  Passed HiddenCadence_UnlocksAtStatThreshold [1 ms]
  Passed MultiStatHiddenCadence_UnlocksCorrectly [< 1 ms]
  Passed TideCaller_UnlocksAtSpeedThreshold [< 1 ms]
  Passed Sentinel_UnlocksAtVitalityThreshold [< 1 ms]
  Passed Scholar_UnlocksAtMagicThreshold [< 1 ms]
  Passed MagicPocket_IncreasesCapacity [< 1 ms]
  Passed LocationDiscovery_Works [< 1 ms]
  Passed CheckHiddenCadences_TriggersUnlock [< 1 ms]
  Passed IsInProgress_QuestData_Works [< 1 ms]
  Passed ResourceManager_StartQuest_AddsToActiveQuests [< 1 ms]
  Passed ResourceManager_Tick_IncrementsProgress [< 1 ms]
  Passed ResourceManager_StartQuest_WithNegativeDelay_TicksToZero [< 1 ms]
  Passed ResourceManager_StartQuest_Recurring_Stat10IsBaseline [< 1 ms]
  Passed ResourceManager_StartQuest_Recurring_Stat20ReducesDurationBy25Percent [< 1 ms]
  Passed ResourceManager_StartQuest_Recurring_Stat30ReducesDurationByAlmost50Percent [< 1 ms]
  Passed ResourceManager_StartQuest_Wifu_Stat10IsBaselineForCadence [< 1 ms]
  Passed ResourceManager_CancelQuest_RemovesFromActive [< 1 ms]
  Passed ResourceManager_StartQuest_MultipleCadencesCanResearchSameAbility [< 1 ms]
  Passed ResourceManager_CanAfford_ReturnsCorrectValue [< 1 ms]
  Passed ResourceManager_PayCosts_RemovesItems [< 1 ms]
  Passed ResourceManager_ReceiveRewards_AddsItems [< 1 ms]
  Passed ResourceManager_ReceiveRewards_Quest_UnlocksCadence [< 1 ms]
  Passed ResourceManager_PayCosts_SingleQuest_DoesNotLockQuest [< 1 ms]
  Passed ResourceManager_ReceiveRewards_SingleQuest_LocksQuest [< 1 ms]
  Passed ResourceManager_CancelQuest_RefundsCosts [< 1 ms]
  Passed ResourceManager_Initialize_ClearsState [< 1 ms]
  Passed ReceiveRewards_CadenceUnlock_Works [< 1 ms]
  Passed ReceiveRewards_RefinementData_Works [< 1 ms]
  Passed ReceiveRewards_RefinementData_TriggersOverflow [< 1 ms]
  Passed ItemRefinements_ByKey_IsPopulated [< 1 ms]
  Passed WorkshopDiscovery_Logic_Works [1 ms]
  Passed WorkshopAbility_Logic_Works [< 1 ms]
  Passed RefinementExecution_AddsItemsToInventory [< 1 ms]
  Passed QuestCard_RendersRequirementIcons [3 ms]
  Passed QuestCard_RendersPrerequisiteIcon [1 ms]
  Passed AbilityUnlockCard_RendersItemIcon [2 ms]
  Passed ResourceManager_StoresAndRetrievesData_Correctly [< 1 ms]
  Passed ResourceManager_RetrievesQuestData_Correctly [< 1 ms]
  Passed QuestData_Properties_ReturnCorrectValues [< 1 ms]
  Passed ResourceManager_CadenceAssignment_WorksCorrectly [< 1 ms]
  Passed Stats_All_ContainsAllStats [< 1 ms]
  Passed ResourceManager_UnlockCadence_UpdatesUnlockedList [< 1 ms]
  Passed ResourceManager_CanAfford_CadenceUnlock_ReturnsCorrectValue [< 1 ms]
  Passed LocationData_LockedQuests_ReturnsCorrectValues [< 1 ms]
  Passed ResourceManager_ReceiveRewards_CadenceAbility_AddsToUnlocked [< 1 ms]
  Passed ResourceManager_StartQuest_CadenceUnlock_AddsToActiveQuests [< 1 ms]
  Passed ResourceManager_PayCosts_CadenceUnlock_RemovesItems [< 1 ms]
  Passed ResourceManager_Initialize_ClearsJunctions [< 1 ms]
  Passed ResourceManager_Journal_TracksFirstTime [< 1 ms]
  Passed Character_Name_ReturnsCorrectValue [< 1 ms]
  Passed ResourceManager_CancelExcessQuests_Works [< 1 ms]
  Passed ResourceManager_IsInProgress_Works [< 1 ms]
  Passed StartQuest_PreventsDuplicateInProgress [< 1 ms]
  Passed StartQuest_PreventsCompletedSingleUse [< 1 ms]
  Passed StartQuest_CadenceUnlock_Works [< 1 ms]
  Passed ResourceManager_RefundCosts_CadenceUnlock_Works [< 1 ms]
  Passed ResourceManager_RefundCosts_RefinementData_Works [< 1 ms]
  Passed ResourceManager_ToggleRecipeStar_Works [< 1 ms]
  Passed ResourceManager_HasAbility_Works [< 1 ms]
  Passed ReceiveRewards_Quest_AddsItemsToInventoryAndJournal [< 1 ms]
  Passed ReceiveRewards_CadenceUnlock_AddsAbilityAndJournal [< 1 ms]
  Passed ReceiveRewards_Refinement_AddsOutputAndJournal [< 1 ms]
  Passed RestoreCompletedQuest_UnlocksQuestAndCadences [< 1 ms]
  Passed RoutedSimulator_Step_Works [200 ms]
  Passed InventoryPanel_RendersCorrectly [6 ms]
  Passed QuestProgressCard_RendersCorrectly [2 ms]
  Passed QuestProgressCard_ZeroProgress_RendersCorrectly [1 ms]
  Passed CharacterDisplay_RendersCorrectly [1 ms]
  Passed CharacterDisplay_RendersMultipleProgressBars_Correctly [2 ms]
  Passed CadencePanel_NoCadences_RendersWarning [1 ms]
  Passed RefinementCard_RendersCorrectly [2 ms]
  Passed ItemIcon_RendersSpellWithFallback [2 ms]
  Passed ItemIcon_RendersMaterialWithFallback [1 ms]
  Passed LearningRefinementAbility_UnlocksWorkshop_AndSetsUnseen [< 1 ms]
  Passed LearningSameRefinementAbilityTwice_DoesNotReTriggerUnseen [< 1 ms]

Test Run Successful.
Total tests: 174
     Passed: 174
 Total time: 3.6921 Seconds
